// Jest Snapshot v1, https://goo.gl/fbAQLP

exports[`With Snapshot Testing App shows "Hello world!" 1`] = `
.c0 {
  color: red;
  font-size: 50px;
}

<div>
  <header>
    <nav>
      <a
        href="/"
        onClick={[Function]}
      >
        Home
      </a>
      |
      <a
        href="/about"
        onClick={[Function]}
      >
        About
      </a>
      |
      <a
        href="/contact"
        onClick={[Function]}
      >
        Contact
      </a>
    </nav>
  </header>
  <h1
    className="c0"
  >
    Hello World!
  </h1>
  <footer>
    I am the footer!
  </footer>
</div>
`;
